Running with 2 MPI ranks and 0.268435 GB per rank
Buffer location (producer and consumer): gpu

[rank 0] SYCL device (0/24): Intel(R) Data Center GPU Max 1550
[rank 1] SYCL device (1/24): Intel(R) Data Center GPU Max 1550
Iteration 0: 0.0470622 seconds
Iteration 1: 0.0456735 seconds
Iteration 2: 0.0455341 seconds
Iteration 3: 0.0453939 seconds
Iteration 4: 0.0452975 seconds
Iteration 5: 0.0452099 seconds
Iteration 6: 0.0453152 seconds
Iteration 7: 0.0451563 seconds
Iteration 8: 0.0450824 seconds
Iteration 9: 0.0450704 seconds
Iteration 10: 0.0450258 seconds
Iteration 11: 0.0451449 seconds
Iteration 12: 0.0450185 seconds
Iteration 13: 0.0449586 seconds
Iteration 14: 0.0449424 seconds
Iteration 15: 0.0449217 seconds
Iteration 16: 0.0449667 seconds
Iteration 17: 0.0448465 seconds
Iteration 18: 0.0449168 seconds
Iteration 19: 0.0448467 seconds

=== Communication Performance Summary ===
Buffer location (producer and consumer): gpu
Producer/consumer pairs: 1
Data per message (per pair): 0.268435 GB
Total data per iteration (all pairs): 0.268435 GB
Iterations timed: 19 (iter 0 = warmup)
Avg per-pair send time:  0.03495 s
Avg per-pair recv time:  0.0451127 s
Min per-pair recv time:  0.0451127 s (fastest pair)
Max per-pair recv time:  0.0451127 s (slowest pair)
Wall-clock transfer time (barrier-to-barrier): 0.0451222 s
Avg per-pair bandwidth (from send time): 7.68056 GB/s
Avg per-pair bandwidth (from recv time): 5.95033 GB/s
Peak per-pair bandwidth (from min recv time):   5.95033 GB/s
Aggregate bandwidth (sum of per-pair rates):    5.95033 GB/s
Aggregate bandwidth (from wall-clock barriers): 5.94908 GB/s
