Running with 2 MPI ranks and 0.0167772 GB per rank
Buffer location (producer and consumer): gpu

[rank 0] SYCL device (0/24): Intel(R) Data Center GPU Max 1550
[rank 1] SYCL device (1/24): Intel(R) Data Center GPU Max 1550
Iteration 0: 0.00580642 seconds
Iteration 1: 0.0036506 seconds
Iteration 2: 0.00360723 seconds
Iteration 3: 0.00361664 seconds
Iteration 4: 0.00358718 seconds
Iteration 5: 0.00374542 seconds
Iteration 6: 0.00359909 seconds
Iteration 7: 0.00357552 seconds
Iteration 8: 0.00359882 seconds
Iteration 9: 0.00314374 seconds
Iteration 10: 0.00361488 seconds
Iteration 11: 0.00346551 seconds
Iteration 12: 0.00358679 seconds
Iteration 13: 0.00378051 seconds
Iteration 14: 0.00198419 seconds
Iteration 15: 0.00198736 seconds
Iteration 16: 0.00197623 seconds
Iteration 17: 0.00197793 seconds
Iteration 18: 0.00202306 seconds
Iteration 19: 0.00196409 seconds

=== Communication Performance Summary ===
Buffer location (producer and consumer): gpu
Producer/consumer pairs: 1
Data per message (per pair): 0.0167772 GB
Total data per iteration (all pairs): 0.0167772 GB
Iterations timed: 19 (iter 0 = warmup)
Avg per-pair send time:  0.00231594 s
Avg per-pair recv time:  0.00306936 s
Min per-pair recv time:  0.00306936 s (fastest pair)
Max per-pair recv time:  0.00306936 s (slowest pair)
Wall-clock transfer time (barrier-to-barrier): 0.00307815 s
Avg per-pair bandwidth (from send time): 7.24422 GB/s
Avg per-pair bandwidth (from recv time): 5.46604 GB/s
Peak per-pair bandwidth (from min recv time):   5.46604 GB/s
Aggregate bandwidth (sum of per-pair rates):    5.46604 GB/s
Aggregate bandwidth (from wall-clock barriers): 5.45043 GB/s
