Running with 2 MPI ranks and 1.07374 GB per rank
Buffer location (producer and consumer): gpu

[rank 0] SYCL device (0/24): Intel(R) Data Center GPU Max 1550
[rank 1] SYCL device (1/24): Intel(R) Data Center GPU Max 1550
Iteration 0: 0.183186 seconds
Iteration 1: 0.182617 seconds
Iteration 2: 0.182035 seconds
Iteration 3: 0.18189 seconds
Iteration 4: 0.181649 seconds
Iteration 5: 0.181918 seconds
Iteration 6: 0.181524 seconds
Iteration 7: 0.181513 seconds
Iteration 8: 0.181235 seconds
Iteration 9: 0.181215 seconds
Iteration 10: 0.180953 seconds
Iteration 11: 0.180929 seconds
Iteration 12: 0.18082 seconds
Iteration 13: 0.180902 seconds
Iteration 14: 0.1811 seconds
Iteration 15: 0.180922 seconds
Iteration 16: 0.1808 seconds
Iteration 17: 0.180623 seconds
Iteration 18: 0.181059 seconds
Iteration 19: 0.180868 seconds

=== Communication Performance Summary ===
Buffer location (producer and consumer): gpu
Producer/consumer pairs: 1
Data per message (per pair): 1.07374 GB
Total data per iteration (all pairs): 1.07374 GB
Iterations timed: 19 (iter 0 = warmup)
Avg per-pair send time:  0.14071 s
Avg per-pair recv time:  0.181284 s
Min per-pair recv time:  0.181284 s (fastest pair)
Max per-pair recv time:  0.181284 s (slowest pair)
Wall-clock transfer time (barrier-to-barrier): 0.181293 s
Avg per-pair bandwidth (from send time): 7.63087 GB/s
Avg per-pair bandwidth (from recv time): 5.92299 GB/s
Peak per-pair bandwidth (from min recv time):   5.92299 GB/s
Aggregate bandwidth (sum of per-pair rates):    5.92299 GB/s
Aggregate bandwidth (from wall-clock barriers): 5.92268 GB/s
