Running with 2 MPI ranks and 0.000262144 GB per rank
Buffer location (producer and consumer): gpu

[rank 0] SYCL device (0/24): Intel(R) Data Center GPU Max 1550
[rank 1] SYCL device (1/24): Intel(R) Data Center GPU Max 1550
Iteration 0: 0.00342225 seconds
Iteration 1: 0.00023883 seconds
Iteration 2: 0.000239049 seconds
Iteration 3: 0.000228366 seconds
Iteration 4: 0.000234112 seconds
Iteration 5: 0.000173976 seconds
Iteration 6: 0.000223264 seconds
Iteration 7: 0.000217888 seconds
Iteration 8: 0.000221829 seconds
Iteration 9: 0.00022171 seconds
Iteration 10: 0.000154429 seconds
Iteration 11: 0.000159286 seconds
Iteration 12: 0.000137838 seconds
Iteration 13: 0.000143035 seconds
Iteration 14: 0.000160405 seconds
Iteration 15: 0.000172268 seconds
Iteration 16: 0.000158348 seconds
Iteration 17: 0.00014745 seconds
Iteration 18: 0.000143362 seconds
Iteration 19: 0.000155768 seconds

=== Communication Performance Summary ===
Buffer location (producer and consumer): gpu
Producer/consumer pairs: 1
Data per message (per pair): 0.000262144 GB
Total data per iteration (all pairs): 0.000262144 GB
Iterations timed: 19 (iter 0 = warmup)
Avg per-pair send time:  0.00016729 s
Avg per-pair recv time:  0.000178549 s
Min per-pair recv time:  0.000178549 s (fastest pair)
Max per-pair recv time:  0.000178549 s (slowest pair)
Wall-clock transfer time (barrier-to-barrier): 0.000185853 s
Avg per-pair bandwidth (from send time): 1.56701 GB/s
Avg per-pair bandwidth (from recv time): 1.46819 GB/s
Peak per-pair bandwidth (from min recv time):   1.46819 GB/s
Aggregate bandwidth (sum of per-pair rates):    1.46819 GB/s
Aggregate bandwidth (from wall-clock barriers): 1.41049 GB/s
