Running with 24 MPI ranks and 1.07374 GB per rank
Buffer location (producer and consumer): gpu

[rank 2] SYCL device (2/12): Intel(R) Data Center GPU Max 1550
[rank 17] SYCL device (5/12): Intel(R) Data Center GPU Max 1550
[rank 14] SYCL device (2/12): Intel(R) Data Center GPU Max 1550
[rank 16] SYCL device (4/12): Intel(R) Data Center GPU Max 1550
[rank 15] SYCL device (3/12): Intel(R) Data Center GPU Max 1550
[rank 21] SYCL device (9/12): Intel(R) Data Center GPU Max 1550
[rank 20] SYCL device (8/12): Intel(R) Data Center GPU Max 1550
[rank 23] SYCL device (11/12): Intel(R) Data Center GPU Max 1550
[rank 12] SYCL device (0/12): Intel(R) Data Center GPU Max 1550
[rank 22] SYCL device (10/12): Intel(R) Data Center GPU Max 1550
[rank 13] SYCL device (1/12): Intel(R) Data Center GPU Max 1550
[rank 19] SYCL device (7/12): Intel(R) Data Center GPU Max 1550
[rank 18] SYCL device (6/12): Intel(R) Data Center GPU Max 1550
[rank 5] SYCL device (5/12): Intel(R) Data Center GPU Max 1550
[rank 1] SYCL device (1/12): Intel(R) Data Center GPU Max 1550
[rank 7] SYCL device (7/12): Intel(R) Data Center GPU Max 1550
[rank 11] SYCL device (11/12): Intel(R) Data Center GPU Max 1550
[rank 10] SYCL device (10/12): Intel(R) Data Center GPU Max 1550
[rank 8] SYCL device (8/12): Intel(R) Data Center GPU Max 1550
[rank 6] SYCL device (6/12): Intel(R) Data Center GPU Max 1550
[rank 9] SYCL device (9/12): Intel(R) Data Center GPU Max 1550
[rank 4] SYCL device (4/12): Intel(R) Data Center GPU Max 1550
[rank 0] SYCL device (0/12): Intel(R) Data Center GPU Max 1550
[rank 3] SYCL device (3/12): Intel(R) Data Center GPU Max 1550
Iteration 0: 0.26144 seconds
Iteration 1: 0.230425 seconds
Iteration 2: 0.230094 seconds
Iteration 3: 0.230252 seconds
Iteration 4: 0.22999 seconds
Iteration 5: 0.230387 seconds
Iteration 6: 0.229614 seconds
Iteration 7: 0.230043 seconds
Iteration 8: 0.258933 seconds
Iteration 9: 0.230281 seconds
Iteration 10: 0.225122 seconds
Iteration 11: 0.225411 seconds
Iteration 12: 0.224893 seconds
Iteration 13: 0.229857 seconds
Iteration 14: 0.259417 seconds
Iteration 15: 0.338787 seconds
Iteration 16: 0.229698 seconds
Iteration 17: 0.224842 seconds
Iteration 18: 0.229827 seconds
Iteration 19: 0.251819 seconds

=== Communication Performance Summary ===
Buffer location (producer and consumer): gpu
Producer/consumer pairs: 12
Data per message (per pair): 1.07374 GB
Total data per iteration (all pairs): 12.8849 GB
Iterations timed: 19 (iter 0 = warmup)
Avg per-pair send time:  0.159381 s
Avg per-pair recv time:  0.200263 s
Min per-pair recv time:  0.179148 s (fastest pair)
Max per-pair recv time:  0.232401 s (slowest pair)
Wall-clock transfer time (barrier-to-barrier): 0.238931 s
Avg per-pair bandwidth (from send time): 6.73696 GB/s
Avg per-pair bandwidth (from recv time): 5.36165 GB/s
Peak per-pair bandwidth (from min recv time):   5.99359 GB/s
Aggregate bandwidth (sum of per-pair rates):    64.9139 GB/s
Aggregate bandwidth (from wall-clock barriers): 53.9273 GB/s
