Running with 2 MPI ranks and 0.000262144 GB per rank
Buffer location (producer and consumer): cpu

Iteration 0: 0.000113825 seconds
Iteration 1: 2.384e-05 seconds
Iteration 2: 3.26745e-05 seconds
Iteration 3: 3.18626e-05 seconds
Iteration 4: 3.24217e-05 seconds
Iteration 5: 2.76568e-05 seconds
Iteration 6: 2.59166e-05 seconds
Iteration 7: 2.45948e-05 seconds
Iteration 8: 3.12605e-05 seconds
Iteration 9: 3.12987e-05 seconds
Iteration 10: 3.03045e-05 seconds
Iteration 11: 2.68808e-05 seconds
Iteration 12: 3.27884e-05 seconds
Iteration 13: 3.13045e-05 seconds
Iteration 14: 2.4097e-05 seconds
Iteration 15: 2.3304e-05 seconds
Iteration 16: 2.55438e-05 seconds
Iteration 17: 2.32819e-05 seconds
Iteration 18: 2.3229e-05 seconds
Iteration 19: 2.285e-05 seconds

=== Communication Performance Summary ===
Buffer location (producer and consumer): cpu
Producer/consumer pairs: 1
Data per message (per pair): 0.000262144 GB
Total data per iteration (all pairs): 0.000262144 GB
Iterations timed: 19 (iter 0 = warmup)
Avg per-pair send time:  2.44764e-05 s
Avg per-pair recv time:  2.80985e-05 s
Min per-pair recv time:  2.80985e-05 s (fastest pair)
Max per-pair recv time:  2.80985e-05 s (slowest pair)
Wall-clock transfer time (barrier-to-barrier): 2.76374e-05 s
Avg per-pair bandwidth (from send time): 10.7101 GB/s
Avg per-pair bandwidth (from recv time): 9.32948 GB/s
Peak per-pair bandwidth (from min recv time):   9.32948 GB/s
Aggregate bandwidth (sum of per-pair rates):    9.32948 GB/s
Aggregate bandwidth (from wall-clock barriers): 9.48512 GB/s
