Running with 16 MPI ranks and 1.07374 GB per rank
Buffer location (producer and consumer): gpu

[rank 1] SYCL device (1/12): Intel(R) Data Center GPU Max 1550
[rank 5] SYCL device (5/12): Intel(R) Data Center GPU Max 1550
[rank 0] SYCL device (0/12): Intel(R) Data Center GPU Max 1550
[rank 2] SYCL device (2/12): Intel(R) Data Center GPU Max 1550
[rank 3] SYCL device (3/12): Intel(R) Data Center GPU Max 1550
[rank 7] SYCL device (7/12): Intel(R) Data Center GPU Max 1550
[rank 13] SYCL device (1/12): Intel(R) Data Center GPU Max 1550
[rank 8] SYCL device (8/12): Intel(R) Data Center GPU Max 1550
[rank 9] SYCL device (9/12): Intel(R) Data Center GPU Max 1550
[rank 10] SYCL device (10/12): Intel(R) Data Center GPU Max 1550
[rank 11] SYCL device (11/12): Intel(R) Data Center GPU Max 1550
[rank 12] SYCL device (0/12): Intel(R) Data Center GPU Max 1550
[rank 14] SYCL device (2/12): Intel(R) Data Center GPU Max 1550
[rank 15] SYCL device (3/12): Intel(R) Data Center GPU Max 1550
[rank 4] SYCL device (4/12): Intel(R) Data Center GPU Max 1550
[rank 6] SYCL device (6/12): Intel(R) Data Center GPU Max 1550
Iteration 0: 0.228456 seconds
Iteration 1: 0.193016 seconds
Iteration 2: 0.256425 seconds
Iteration 3: 0.192604 seconds
Iteration 4: 0.255457 seconds
Iteration 5: 0.192412 seconds
Iteration 6: 0.226796 seconds
Iteration 7: 0.192307 seconds
Iteration 8: 0.192318 seconds
Iteration 9: 0.193217 seconds
Iteration 10: 0.192531 seconds
Iteration 11: 0.19244 seconds
Iteration 12: 0.192337 seconds
Iteration 13: 0.192333 seconds
Iteration 14: 0.192517 seconds
Iteration 15: 0.192376 seconds
Iteration 16: 0.192267 seconds
Iteration 17: 0.192866 seconds
Iteration 18: 0.192354 seconds
Iteration 19: 0.192323 seconds

=== Communication Performance Summary ===
Buffer location (producer and consumer): gpu
Producer/consumer pairs: 8
Data per message (per pair): 1.07374 GB
Total data per iteration (all pairs): 8.58993 GB
Iterations timed: 19 (iter 0 = warmup)
Avg per-pair send time:  0.142965 s
Avg per-pair recv time:  0.191995 s
Min per-pair recv time:  0.183339 s (fastest pair)
Max per-pair recv time:  0.196267 s (slowest pair)
Wall-clock transfer time (barrier-to-barrier): 0.200994 s
Avg per-pair bandwidth (from send time): 7.5105 GB/s
Avg per-pair bandwidth (from recv time): 5.59255 GB/s
Peak per-pair bandwidth (from min recv time):   5.8566 GB/s
Aggregate bandwidth (sum of per-pair rates):    44.7612 GB/s
Aggregate bandwidth (from wall-clock barriers): 42.7372 GB/s
