Running with 2 MPI ranks and 0.000262144 GB per rank
Buffer location (producer and consumer): gpu

[rank 1] SYCL device (1/12): Intel(R) Data Center GPU Max 1550
[rank 0] SYCL device (0/12): Intel(R) Data Center GPU Max 1550
Iteration 0: 0.00236185 seconds
Iteration 1: 0.000238617 seconds
Iteration 2: 0.000285203 seconds
Iteration 3: 0.000164067 seconds
Iteration 4: 0.000284305 seconds
Iteration 5: 0.00033777 seconds
Iteration 6: 0.000349201 seconds
Iteration 7: 0.000218111 seconds
Iteration 8: 0.000166122 seconds
Iteration 9: 0.000183036 seconds
Iteration 10: 0.000228955 seconds
Iteration 11: 0.000197246 seconds
Iteration 12: 0.000190255 seconds
Iteration 13: 0.000158682 seconds
Iteration 14: 0.000178973 seconds
Iteration 15: 0.00018706 seconds
Iteration 16: 0.000237016 seconds
Iteration 17: 0.00022451 seconds
Iteration 18: 0.000180227 seconds
Iteration 19: 0.000230586 seconds

=== Communication Performance Summary ===
Buffer location (producer and consumer): gpu
Producer/consumer pairs: 1
Data per message (per pair): 0.000262144 GB
Total data per iteration (all pairs): 0.000262144 GB
Iterations timed: 19 (iter 0 = warmup)
Avg per-pair send time:  0.000204357 s
Avg per-pair recv time:  0.00022468 s
Min per-pair recv time:  0.00022468 s (fastest pair)
Max per-pair recv time:  0.00022468 s (slowest pair)
Wall-clock transfer time (barrier-to-barrier): 0.000223155 s
Avg per-pair bandwidth (from send time): 1.28278 GB/s
Avg per-pair bandwidth (from recv time): 1.16674 GB/s
Peak per-pair bandwidth (from min recv time):   1.16674 GB/s
Aggregate bandwidth (sum of per-pair rates):    1.16674 GB/s
Aggregate bandwidth (from wall-clock barriers): 1.17472 GB/s
